---
source: brush-parser/src/parser/tests/winnow_issues.rs
expression: "ParseResult { input, result: &result }"
---
ParseResult(
  input: "shopt -p | grep -E \"(interactive|xtrace|verbose)\"",
  result: Program(
    complete_commands: [
      CompoundList([
        CompoundListItem(AndOrList(
          first: Pipeline(
            seq: [
              Simple(SimpleCommand(
                word_or_name: Some(Word(
                  value: "shopt",
                  loc: "[location]",
                )),
                suffix: Some(CommandSuffix([
                  Word(Word(
                    value: "-p",
                    loc: "[location]",
                  )),
                ])),
              )),
              Simple(SimpleCommand(
                word_or_name: Some(Word(
                  value: "grep",
                  loc: "[location]",
                )),
                suffix: Some(CommandSuffix([
                  Word(Word(
                    value: "-E",
                    loc: "[location]",
                  )),
                  Word(Word(
                    value: "\"(interactive|xtrace|verbose)\"",
                    loc: "[location]",
                  )),
                ])),
              )),
            ],
          ),
        ), Sequence),
      ]),
    ],
  ),
)
