---
source: brush-parser/src/parser/tests/winnow_issues.rs
expression: "ParseResult { input, result: &result }"
---
ParseResult(
  input: "[[ \"hello\" == \"hello\" ]] && echo \"match\"\n[[ \"hello\" =~ ^hell ]] && echo \"regex match\"",
  result: Program(
    complete_commands: [
      CompoundList([
        CompoundListItem(AndOrList(
          first: Pipeline(
            seq: [
              ExtendedTest(ExtendedTestExprCommand(
                expr: BinaryTest(StringExactlyMatchesPattern, Word(
                  value: "\"hello\"",
                  loc: "[location]",
                ), Word(
                  value: "\"hello\"",
                  loc: "[location]",
                )),
                loc: "[location]",
              ), None),
            ],
          ),
          additional: [
            And(Pipeline(
              seq: [
                Simple(SimpleCommand(
                  word_or_name: Some(Word(
                    value: "echo",
                    loc: "[location]",
                  )),
                  suffix: Some(CommandSuffix([
                    Word(Word(
                      value: "\"match\"",
                      loc: "[location]",
                    )),
                  ])),
                )),
              ],
            )),
          ],
        ), Sequence),
      ]),
      CompoundList([
        CompoundListItem(AndOrList(
          first: Pipeline(
            seq: [
              ExtendedTest(ExtendedTestExprCommand(
                expr: BinaryTest(StringMatchesRegex, Word(
                  value: "\"hello\"",
                  loc: "[location]",
                ), Word(
                  value: "^hell",
                  loc: "[location]",
                )),
                loc: "[location]",
              ), None),
            ],
          ),
          additional: [
            And(Pipeline(
              seq: [
                Simple(SimpleCommand(
                  word_or_name: Some(Word(
                    value: "echo",
                    loc: "[location]",
                  )),
                  suffix: Some(CommandSuffix([
                    Word(Word(
                      value: "\"regex match\"",
                      loc: "[location]",
                    )),
                  ])),
                )),
              ],
            )),
          ],
        ), Sequence),
      ]),
    ],
  ),
)
