---
source: brush-parser/src/parser/tests/winnow_issues.rs
expression: "ParseResult { input, result: &result }"
---
ParseResult(
  input: "IFS=\'   \'\ndata=\"a    b     c\"\nfor word in $data; do echo \"Word: $word\"; done",
  result: Program(
    complete_commands: [
      CompoundList([
        CompoundListItem(AndOrList(
          first: Pipeline(
            seq: [
              Simple(SimpleCommand(
                prefix: Some(CommandPrefix([
                  AssignmentWord(Assignment(
                    name: VariableName("IFS"),
                    value: Scalar(Word(
                      value: "\'   \'",
                      loc: "[location]",
                    )),
                    loc: "[location]",
                  ), Word(
                    value: "IFS=\'   \'",
                    loc: "[location]",
                  )),
                ])),
              )),
            ],
          ),
        ), Sequence),
      ]),
      CompoundList([
        CompoundListItem(AndOrList(
          first: Pipeline(
            seq: [
              Simple(SimpleCommand(
                prefix: Some(CommandPrefix([
                  AssignmentWord(Assignment(
                    name: VariableName("data"),
                    value: Scalar(Word(
                      value: "\"a    b     c\"",
                      loc: "[location]",
                    )),
                    loc: "[location]",
                  ), Word(
                    value: "data=\"a    b     c\"",
                    loc: "[location]",
                  )),
                ])),
              )),
            ],
          ),
        ), Sequence),
      ]),
      CompoundList([
        CompoundListItem(AndOrList(
          first: Pipeline(
            seq: [
              Compound(ForClause(ForClauseCommand(
                variable_name: "word",
                values: Some([
                  Word(
                    value: "$data",
                    loc: "[location]",
                  ),
                ]),
                body: DoGroupCommand(
                  list: CompoundList([
                    CompoundListItem(AndOrList(
                      first: Pipeline(
                        seq: [
                          Simple(SimpleCommand(
                            word_or_name: Some(Word(
                              value: "echo",
                              loc: "[location]",
                            )),
                            suffix: Some(CommandSuffix([
                              Word(Word(
                                value: "\"Word: $word\"",
                                loc: "[location]",
                              )),
                            ])),
                          )),
                        ],
                      ),
                    ), Sequence),
                  ]),
                  loc: "[location]",
                ),
                loc: "[location]",
              )), None),
            ],
          ),
        ), Sequence),
      ]),
    ],
  ),
)
