---
source: brush-parser/src/parser/tests/here_docs.rs
expression: results
---
[
  ("$(cat <<EOF ${y}\nEOF", Err("unterminated expansion (detected near line 2 col 4)")),
  ("echo $(echo $(cat <<EOF) x\nEOF", Err("unterminated expansion (detected near line 2 col 4)")),
  ("echo $(echo $(cat <<EOF)\nbody\nEOF\n", Err("unterminated expansion (detected near line 4 col 1)")),
]
