---
source: brush-parser/src/parser/tests/winnow_issues.rs
expression: "ParseResult { input, result: &result }"
---
ParseResult(
  input: "history -c\nhistory | head -5",
  result: Program(
    complete_commands: [
      CompoundList([
        CompoundListItem(AndOrList(
          first: Pipeline(
            seq: [
              Simple(SimpleCommand(
                word_or_name: Some(Word(
                  value: "history",
                  loc: "[location]",
                )),
                suffix: Some(CommandSuffix([
                  Word(Word(
                    value: "-c",
                    loc: "[location]",
                  )),
                ])),
              )),
            ],
          ),
        ), Sequence),
      ]),
      CompoundList([
        CompoundListItem(AndOrList(
          first: Pipeline(
            seq: [
              Simple(SimpleCommand(
                word_or_name: Some(Word(
                  value: "history",
                  loc: "[location]",
                )),
              )),
              Simple(SimpleCommand(
                word_or_name: Some(Word(
                  value: "head",
                  loc: "[location]",
                )),
                suffix: Some(CommandSuffix([
                  Word(Word(
                    value: "-5",
                    loc: "[location]",
                  )),
                ])),
              )),
            ],
          ),
        ), Sequence),
      ]),
    ],
  ),
)
