---
source: brush-parser/src/parser/tests/assignments.rs
expression: "ParseResult { input, result: &result }"
---
ParseResult(
  input: "x=\"hello world\"",
  result: Program(
    complete_commands: [
      CompoundList([
        CompoundListItem(AndOrList(
          first: Pipeline(
            seq: [
              Simple(SimpleCommand(
                prefix: Some(CommandPrefix([
                  AssignmentWord(Assignment(
                    name: VariableName("x"),
                    value: Scalar(Word(
                      value: "\"hello world\"",
                      loc: "[location]",
                    )),
                    loc: "[location]",
                  ), Word(
                    value: "x=\"hello world\"",
                    loc: "[location]",
                  )),
                ])),
              )),
            ],
          ),
        ), Sequence),
      ]),
    ],
  ),
)
