---
source: brush-parser/src/parser/tests/extended_test.rs
expression: "ParseResult { input, result: &result }"
---
ParseResult(
  input: "[[ \"$str\" =~ ^[0-9]+$ ]]",
  result: Program(
    complete_commands: [
      CompoundList([
        CompoundListItem(AndOrList(
          first: Pipeline(
            seq: [
              ExtendedTest(ExtendedTestExprCommand(
                expr: BinaryTest(StringMatchesRegex, Word(
                  value: "\"$str\"",
                  loc: "[location]",
                ), Word(
                  value: "^[0-9]+$",
                  loc: "[location]",
                )),
                loc: "[location]",
              ), None),
            ],
          ),
        ), Sequence),
      ]),
    ],
  ),
)
