---
source: brush-parser/src/parser/tests/functions.rs
expression: "ParseResult { input, result: &result }"
---
ParseResult(
  input: "myfunc() { eval \"foo() { bar \\\"hello\\\"; }\"; }",
  result: Program(
    complete_commands: [
      CompoundList([
        CompoundListItem(AndOrList(
          first: Pipeline(
            seq: [
              Function(FunctionDefinition(
                fname: Word(
                  value: "myfunc",
                  loc: "[location]",
                ),
                body: FunctionBody(BraceGroup(BraceGroupCommand(
                  list: CompoundList([
                    CompoundListItem(AndOrList(
                      first: Pipeline(
                        seq: [
                          Simple(SimpleCommand(
                            word_or_name: Some(Word(
                              value: "eval",
                              loc: "[location]",
                            )),
                            suffix: Some(CommandSuffix([
                              Word(Word(
                                value: "\"foo() { bar \\\"hello\\\"; }\"",
                                loc: "[location]",
                              )),
                            ])),
                          )),
                        ],
                      ),
                    ), Sequence),
                  ]),
                  loc: "[location]",
                )), None),
              )),
            ],
          ),
        ), Sequence),
      ]),
    ],
  ),
)
