---
source: brush-parser/src/tokenizer.rs
expression: "test_tokenizer(\"$(( (0) ))\")?"
---
TokenizerResult(
  input: "$(( (0) ))",
  result: [
    Word("$(( (0) ))", TokenLocation(
      start: SourcePosition(
        index: 0,
        line: 1,
        column: 1,
      ),
      end: SourcePosition(
        index: 10,
        line: 1,
        column: 11,
      ),
    )),
  ],
)
