---
source: brush-parser/src/tokenizer.rs
expression: "test_tokenizer(\"$*\")?"
---
TokenizerResult(
  input: "$*",
  result: [
    Word("$*", SourceSpan(
      start: SourcePosition(
        index: 0,
        line: 1,
        column: 1,
      ),
      end: SourcePosition(
        index: 2,
        line: 1,
        column: 3,
      ),
    )),
  ],
)
