---
source: brush-parser/src/tokenizer.rs
expression: "test_tokenizer(r\"cat <<HERE\nSOMETHING\nHERE\necho after\n\")?"
---
TokenizerResult(
  input: "cat <<HERE\nSOMETHING\nHERE\necho after\n",
  result: [
    Word("cat", TokenLocation(
      start: SourcePosition(
        index: 0,
        line: 1,
        column: 1,
      ),
      end: SourcePosition(
        index: 3,
        line: 1,
        column: 4,
      ),
    )),
    Operator("<<", TokenLocation(
      start: SourcePosition(
        index: 4,
        line: 1,
        column: 5,
      ),
      end: SourcePosition(
        index: 6,
        line: 1,
        column: 7,
      ),
    )),
    Word("HERE", TokenLocation(
      start: SourcePosition(
        index: 6,
        line: 1,
        column: 7,
      ),
      end: SourcePosition(
        index: 10,
        line: 1,
        column: 11,
      ),
    )),
    Word("SOMETHING\n", TokenLocation(
      start: SourcePosition(
        index: 11,
        line: 2,
        column: 1,
      ),
      end: SourcePosition(
        index: 26,
        line: 4,
        column: 1,
      ),
    )),
    Word("HERE", TokenLocation(
      start: SourcePosition(
        index: 26,
        line: 4,
        column: 1,
      ),
      end: SourcePosition(
        index: 26,
        line: 4,
        column: 1,
      ),
    )),
    Operator("\n", TokenLocation(
      start: SourcePosition(
        index: 10,
        line: 1,
        column: 11,
      ),
      end: SourcePosition(
        index: 11,
        line: 2,
        column: 1,
      ),
    )),
    Word("echo", TokenLocation(
      start: SourcePosition(
        index: 26,
        line: 4,
        column: 1,
      ),
      end: SourcePosition(
        index: 30,
        line: 4,
        column: 5,
      ),
    )),
    Word("after", TokenLocation(
      start: SourcePosition(
        index: 31,
        line: 4,
        column: 6,
      ),
      end: SourcePosition(
        index: 36,
        line: 4,
        column: 11,
      ),
    )),
    Operator("\n", TokenLocation(
      start: SourcePosition(
        index: 36,
        line: 4,
        column: 11,
      ),
      end: SourcePosition(
        index: 37,
        line: 5,
        column: 1,
      ),
    )),
  ],
)
