---
source: brush-parser/src/tokenizer.rs
expression: "test_tokenizer(\"$x\")?"
---
TokenizerResult(
  input: "$x",
  result: [
    Word("$x", TokenLocation(
      start: SourcePosition(
        index: 0,
        line: 1,
        column: 1,
      ),
      end: SourcePosition(
        index: 2,
        line: 1,
        column: 3,
      ),
    )),
  ],
)
