---
source: brush-parser/src/tokenizer.rs
expression: "test_tokenizer(r\"echo `echo\\`hi`\")?"
---
TokenizerResult(
  input: "echo `echo\\`hi`",
  result: [
    Word("echo", TokenLocation(
      start: SourcePosition(
        index: 0,
        line: 1,
        column: 1,
      ),
      end: SourcePosition(
        index: 4,
        line: 1,
        column: 5,
      ),
    )),
    Word("`echo\\`hi`", TokenLocation(
      start: SourcePosition(
        index: 5,
        line: 1,
        column: 6,
      ),
      end: SourcePosition(
        index: 15,
        line: 1,
        column: 16,
      ),
    )),
  ],
)
