---
source: brush-parser/src/tokenizer.rs
expression: "test_tokenizer(r\"a${x\\}}b\")?"
---
TokenizerResult(
  input: "a${x\\}}b",
  result: [
    Word("a${x\\}}b", SourceSpan(
      start: SourcePosition(
        index: 0,
        line: 1,
        column: 1,
      ),
      end: SourcePosition(
        index: 8,
        line: 1,
        column: 9,
      ),
    )),
  ],
)
