---
source: brush-parser/src/parser.rs
expression: "ParseResult { input, result: &command }"
---
ParseResult(
  input: "\\\ncase x in\nx)\n    echo y;;\nesac\\\n",
  result: CaseClauseCommand(
    value: Word(
      value: "x",
    ),
    cases: [
      CaseItem(
        patterns: [
          Word(
            value: "x",
          ),
        ],
        cmd: Some(CompoundList([
          CompoundListItem(AndOrList(
            first: Pipeline(
              timed: None,
              bang: false,
              seq: [
                Simple(SimpleCommand(
                  prefix: None,
                  word_or_name: Some(Word(
                    value: "echo",
                  )),
                  suffix: Some(CommandSuffix([
                    Word(Word(
                      value: "y",
                    )),
                  ])),
                )),
              ],
            ),
            additional: [],
          ), Sequence),
        ])),
        post_action: ExitCase,
      ),
    ],
  ),
)
