---
source: brush-parser/src/tokenizer.rs
expression: "test_tokenizer(r#\"x\"$(echo hi)\"y\"#)?"
---
TokenizerResult(
  input: "x\"$(echo hi)\"y",
  result: [
    Word("x\"$(echo hi)\"y", TokenLocation(
      start: SourcePosition(
        index: 0,
        line: 1,
        column: 1,
      ),
      end: SourcePosition(
        index: 14,
        line: 1,
        column: 15,
      ),
    )),
  ],
)
